
> aeli-services-backend@1.0.0 test
> cross-env NODE_ENV=test jest --runInBand tests/integration/provider-applications.test.js

  console.log
    Γ£à Test database connected

      at Object.log (tests/setup.js:11:17)

2026-02-14 09:00:00 [[31MERROR[39M]: 500 - Cannot read properties of undefined (reading 'url') - /api/providers/apply - POST - ::ffff:127.0.0.1
2026-02-14 09:00:00 [[31MERROR[39M]: ERROR ≡ƒÆÑ Cannot read properties of undefined (reading 'url')
2026-02-14 09:00:00 [[31MERROR[39M]: 400 - La carte nationale d'identit├⌐ (CNI) est obligatoire - /api/providers/apply - POST - ::ffff:127.0.0.1
  console.log
    Γ£à Test database connection closed

      at Object.log (tests/setup.js:24:17)

